=== arm A seed 1 ===
[1/13] task_001 ...
    OK  iters=1  13/13  (8.0s)
[2/13] task_002 ...
    OK  iters=1  15/15  (11.4s)
[3/13] task_003 ...
    OK  iters=1  14/14  (9.2s)
[4/13] task_004 ...
    OK  iters=1  14/14  (5.6s)
[5/13] task_005 ...
    OK  iters=1  17/17  (17.0s)
[6/13] task_006 ...
    OK  iters=1  15/15  (7.4s)
[7/13] task_007 ...
    FAIL  iters=3  16/17  (93.3s)
[8/13] task_008 ...
    OK  iters=1  14/14  (8.0s)
[9/13] task_009 ...
    OK  iters=1  16/16  (15.6s)
[10/13] task_010 ...
    OK  iters=1  20/20  (32.5s)
[11/13] task_011 ...
    OK  iters=1  14/14  (15.3s)
[12/13] task_012 ...
    FAIL  iters=3  10/11  (52.6s)
[13/13] task_013 ...
    OK  iters=2  17/17  (14.7s)

=== SUMMARY ===
  arm: A_writer_alone  seed: 1
  pass rate: 11/13 (84.6%)
  test recall: 195/197 (99.0%)
  avg iterations: 1.38
  crashes: 0
  wall time: 290.6s

  by difficulty:
    easy        4/4 pass  (test 100.0%, avg 1.0 iter)
    medium      3/4 pass  (test 98.4%, avg 1.5 iter)
    hard        3/3 pass  (test 100.0%, avg 1.0 iter)
    underspec   1/2 pass  (test 96.4%, avg 2.5 iter)
=== arm A seed 2 ===
[1/13] task_001 ...
    OK  iters=1  13/13  (10.5s)
[2/13] task_002 ...
    OK  iters=1  15/15  (11.5s)
[3/13] task_003 ...
    OK  iters=1  14/14  (7.6s)
[4/13] task_004 ...
    OK  iters=1  14/14  (5.6s)
[5/13] task_005 ...
    OK  iters=1  17/17  (15.7s)
[6/13] task_006 ...
    OK  iters=1  15/15  (10.2s)
[7/13] task_007 ...
    FAIL  iters=3  16/17  (117.3s)
[8/13] task_008 ...
    OK  iters=1  14/14  (8.1s)
[9/13] task_009 ...
    OK  iters=2  16/16  (24.0s)
[10/13] task_010 ...
    OK  iters=1  20/20  (31.2s)
[11/13] task_011 ...
    OK  iters=1  14/14  (14.4s)
[12/13] task_012 ...
    OK  iters=1  11/11  (24.4s)
[13/13] task_013 ...
    FAIL  iters=3  13/17  (39.5s)

=== SUMMARY ===
  arm: A_writer_alone  seed: 2
  pass rate: 11/13 (84.6%)
  test recall: 192/197 (97.5%)
  avg iterations: 1.38
  crashes: 0
  wall time: 319.9s

  by difficulty:
    easy        4/4 pass  (test 100.0%, avg 1.0 iter)
    medium      3/4 pass  (test 98.4%, avg 1.5 iter)
    hard        3/3 pass  (test 100.0%, avg 1.3 iter)
    underspec   1/2 pass  (test 85.7%, avg 2.0 iter)
=== arm A seed 3 ===
[1/13] task_001 ...
    OK  iters=1  13/13  (9.6s)
[2/13] task_002 ...
    OK  iters=1  15/15  (11.9s)
[3/13] task_003 ...
    OK  iters=1  14/14  (7.8s)
[4/13] task_004 ...
    OK  iters=1  14/14  (5.9s)
[5/13] task_005 ...
    OK  iters=1  17/17  (20.2s)
[6/13] task_006 ...
    OK  iters=1  15/15  (9.6s)
[7/13] task_007 ...
    FAIL  iters=3  16/17  (93.5s)
[8/13] task_008 ...
    OK  iters=1  14/14  (7.6s)
[9/13] task_009 ...
    OK  iters=1  16/16  (23.9s)
[10/13] task_010 ...
    OK  iters=1  20/20  (28.0s)
[11/13] task_011 ...
    OK  iters=1  14/14  (14.5s)
[12/13] task_012 ...
    FAIL  iters=3  10/11  (115.8s)
[13/13] task_013 ...
    FAIL  iters=3  12/17  (31.5s)

=== SUMMARY ===
  arm: A_writer_alone  seed: 3
  pass rate: 10/13 (76.9%)
  test recall: 190/197 (96.4%)
  avg iterations: 1.46
  crashes: 0
  wall time: 379.8s

  by difficulty:
    easy        4/4 pass  (test 100.0%, avg 1.0 iter)
    medium      3/4 pass  (test 98.4%, avg 1.5 iter)
    hard        3/3 pass  (test 100.0%, avg 1.0 iter)
    underspec   0/2 pass  (test 78.6%, avg 3.0 iter)
=== arm A done ===
