=== arm B seed 1 ===
[1/13] task_001 ...
    OK  iters=1  13/13  (6.7s)
[2/13] task_002 ...
    OK  iters=1  15/15  (12.9s)
[3/13] task_003 ...
    OK  iters=1  14/14  (7.9s)
[4/13] task_004 ...
    OK  iters=1  14/14  (5.9s)
[5/13] task_005 ...
    OK  iters=1  17/17  (15.3s)
[6/13] task_006 ...
    OK  iters=1  15/15  (8.6s)
[7/13] task_007 ...
    FAIL  iters=3  15/17  (215.5s)
[8/13] task_008 ...
    OK  iters=1  14/14  (6.3s)
[9/13] task_009 ...
    OK  iters=1  16/16  (20.1s)
[10/13] task_010 ...
    OK  iters=1  20/20  (31.0s)
[11/13] task_011 ...
    OK  iters=1  14/14  (17.7s)
[12/13] task_012 ...
    OK  iters=1  11/11  (23.0s)
[13/13] task_013 ...
    FAIL  iters=3  16/17  (80.8s)

=== SUMMARY ===
  arm: B_writer_reviewer_arbiter  seed: 1
  pass rate: 11/13 (84.6%)
  test recall: 194/197 (98.5%)
  avg iterations: 1.31
  crashes: 0
  wall time: 451.8s

  by difficulty:
    easy        4/4 pass  (test 100.0%, avg 1.0 iter)
    medium      3/4 pass  (test 96.8%, avg 1.5 iter)
    hard        3/3 pass  (test 100.0%, avg 1.0 iter)
    underspec   1/2 pass  (test 96.4%, avg 2.0 iter)
=== arm B seed 2 ===
[1/13] task_001 ...
    OK  iters=1  13/13  (9.8s)
[2/13] task_002 ...
    OK  iters=1  15/15  (11.5s)
[3/13] task_003 ...
    OK  iters=1  14/14  (7.5s)
[4/13] task_004 ...
    OK  iters=1  14/14  (5.2s)
[5/13] task_005 ...
    OK  iters=1  17/17  (18.0s)
[6/13] task_006 ...
    OK  iters=1  15/15  (9.1s)
[7/13] task_007 ...
    OK  iters=1  17/17  (28.5s)
[8/13] task_008 ...
    OK  iters=1  14/14  (6.8s)
[9/13] task_009 ...
    OK  iters=2  16/16  (94.7s)
[10/13] task_010 ...
    OK  iters=1  20/20  (32.9s)
[11/13] task_011 ...
    OK  iters=1  14/14  (10.1s)
[12/13] task_012 ...
    OK  iters=1  11/11  (11.8s)
[13/13] task_013 ...
    FAIL  iters=3  16/17  (107.9s)

=== SUMMARY ===
  arm: B_writer_reviewer_arbiter  seed: 2
  pass rate: 12/13 (92.3%)
  test recall: 196/197 (99.5%)
  avg iterations: 1.23
  crashes: 0
  wall time: 353.9s

  by difficulty:
    easy        4/4 pass  (test 100.0%, avg 1.0 iter)
    medium      4/4 pass  (test 100.0%, avg 1.0 iter)
    hard        3/3 pass  (test 100.0%, avg 1.3 iter)
    underspec   1/2 pass  (test 96.4%, avg 2.0 iter)
=== arm B seed 3 ===
[1/13] task_001 ...
    OK  iters=1  13/13  (7.2s)
[2/13] task_002 ...
    OK  iters=1  15/15  (11.7s)
[3/13] task_003 ...
    OK  iters=1  14/14  (8.5s)
[4/13] task_004 ...
    OK  iters=1  14/14  (5.6s)
[5/13] task_005 ...
    OK  iters=1  17/17  (16.9s)
[6/13] task_006 ...
    OK  iters=1  15/15  (11.3s)
[7/13] task_007 ...
    FAIL  iters=3  16/17  (234.0s)
[8/13] task_008 ...
    OK  iters=1  14/14  (7.3s)
[9/13] task_009 ...
    OK  iters=1  16/16  (15.1s)
[10/13] task_010 ...
    OK  iters=1  20/20  (32.8s)
[11/13] task_011 ...
    OK  iters=1  14/14  (11.9s)
[12/13] task_012 ...
    FAIL  iters=3  10/11  (109.9s)
[13/13] task_013 ...
    OK  iters=3  17/17  (84.9s)

=== SUMMARY ===
  arm: B_writer_reviewer_arbiter  seed: 3
  pass rate: 11/13 (84.6%)
  test recall: 195/197 (99.0%)
  avg iterations: 1.46
  crashes: 0
  wall time: 557.1s

  by difficulty:
    easy        4/4 pass  (test 100.0%, avg 1.0 iter)
    medium      3/4 pass  (test 98.4%, avg 1.5 iter)
    hard        3/3 pass  (test 100.0%, avg 1.0 iter)
    underspec   1/2 pass  (test 96.4%, avg 3.0 iter)
=== arm B done ===
