=== arm C seed 1 ===
[1/13] task_001 ...
    OK  iters=1  13/13  (6.8s)
[2/13] task_002 ...
    OK  iters=1  15/15  (42.5s)
[3/13] task_003 ...
    OK  iters=1  14/14  (8.8s)
[4/13] task_004 ...
    OK  iters=1  14/14  (6.9s)
[5/13] task_005 ...
    OK  iters=1  17/17  (12.3s)
[6/13] task_006 ...
    OK  iters=1  15/15  (9.5s)
[7/13] task_007 ...
    OK  iters=1  17/17  (16.5s)
[8/13] task_008 ...
    OK  iters=1  14/14  (6.3s)
[9/13] task_009 ...
    OK  iters=1  16/16  (19.0s)
[10/13] task_010 ...
    OK  iters=1  20/20  (24.5s)
[11/13] task_011 ...
    OK  iters=1  14/14  (13.6s)
[12/13] task_012 ...
    FAIL  iters=3  10/11  (209.6s)
[13/13] task_013 ...
    FAIL  iters=3  15/17  (107.1s)

=== SUMMARY ===
  arm: C_writer_reviewer_arbiter_typed  seed: 1
  pass rate: 11/13 (84.6%)
  test recall: 194/197 (98.5%)
  avg iterations: 1.31
  crashes: 0
  wall time: 483.3s

  by difficulty:
    easy        4/4 pass  (test 100.0%, avg 1.0 iter)
    medium      4/4 pass  (test 100.0%, avg 1.0 iter)
    hard        3/3 pass  (test 100.0%, avg 1.0 iter)
    underspec   0/2 pass  (test 89.3%, avg 3.0 iter)
=== arm C seed 2 ===
[1/13] task_001 ...
    OK  iters=1  13/13  (5.9s)
[2/13] task_002 ...
    OK  iters=1  15/15  (12.0s)
[3/13] task_003 ...
    OK  iters=1  14/14  (10.2s)
[4/13] task_004 ...
    OK  iters=1  14/14  (6.3s)
[5/13] task_005 ...
    OK  iters=1  17/17  (13.2s)
[6/13] task_006 ...
    OK  iters=1  15/15  (8.2s)
[7/13] task_007 ...
    FAIL  iters=3  16/17  (273.7s)
[8/13] task_008 ...
    OK  iters=1  14/14  (6.3s)
[9/13] task_009 ...
    OK  iters=2  16/16  (78.7s)
[10/13] task_010 ...
    OK  iters=1  20/20  (25.6s)
[11/13] task_011 ...
    OK  iters=1  14/14  (12.9s)
[12/13] task_012 ...
    FAIL  iters=3  10/11  (166.9s)
[13/13] task_013 ...
    FAIL  iters=3  12/17  (113.1s)

=== SUMMARY ===
  arm: C_writer_reviewer_arbiter_typed  seed: 2
  pass rate: 10/13 (76.9%)
  test recall: 190/197 (96.4%)
  avg iterations: 1.54
  crashes: 0
  wall time: 733.0s

  by difficulty:
    easy        4/4 pass  (test 100.0%, avg 1.0 iter)
    medium      3/4 pass  (test 98.4%, avg 1.5 iter)
    hard        3/3 pass  (test 100.0%, avg 1.3 iter)
    underspec   0/2 pass  (test 78.6%, avg 3.0 iter)
=== arm C seed 3 ===
[1/13] task_001 ...
    OK  iters=1  13/13  (6.1s)
[2/13] task_002 ...
    OK  iters=1  15/15  (11.5s)
[3/13] task_003 ...
    OK  iters=1  14/14  (8.8s)
[4/13] task_004 ...
    OK  iters=1  14/14  (5.4s)
[5/13] task_005 ...
    OK  iters=1  17/17  (16.5s)
[6/13] task_006 ...
    OK  iters=1  15/15  (10.2s)
[7/13] task_007 ...
    FAIL  iters=3  16/17  (204.2s)
[8/13] task_008 ...
    OK  iters=1  14/14  (7.5s)
[9/13] task_009 ...
    OK  iters=1  16/16  (14.9s)
[10/13] task_010 ...
    OK  iters=1  20/20  (22.5s)
[11/13] task_011 ...
    OK  iters=1  14/14  (11.9s)
[12/13] task_012 ...
    FAIL  iters=3  10/11  (278.5s)
[13/13] task_013 ...
    FAIL  iters=3  16/17  (106.2s)

=== SUMMARY ===
  arm: C_writer_reviewer_arbiter_typed  seed: 3
  pass rate: 10/13 (76.9%)
  test recall: 194/197 (98.5%)
  avg iterations: 1.46
  crashes: 0
  wall time: 704.0s

  by difficulty:
    easy        4/4 pass  (test 100.0%, avg 1.0 iter)
    medium      3/4 pass  (test 98.4%, avg 1.5 iter)
    hard        3/3 pass  (test 100.0%, avg 1.0 iter)
    underspec   0/2 pass  (test 92.9%, avg 3.0 iter)
=== arm C done ===
