=== arm D seed 1 ===
[1/13] task_001 ...
    OK  iters=1  13/13  (7.3s)
[2/13] task_002 ...
    OK  iters=1  15/15  (11.9s)
[3/13] task_003 ...
    OK  iters=1  14/14  (8.3s)
[4/13] task_004 ...
    OK  iters=1  14/14  (5.4s)
[5/13] task_005 ...
    OK  iters=1  17/17  (15.7s)
[6/13] task_006 ...
    OK  iters=1  15/15  (8.0s)
[7/13] task_007 ...
    FAIL  iters=3  16/17  (222.5s)
[8/13] task_008 ...
    OK  iters=1  14/14  (7.3s)
[9/13] task_009 ...
    OK  iters=1  16/16  (25.4s)
[10/13] task_010 ...
    OK  iters=1  20/20  (30.6s)
[11/13] task_011 ...
    OK  iters=1  14/14  (11.5s)
[12/13] task_012 ...
    OK  iters=2  11/11  (96.0s)
[13/13] task_013 ...
    FAIL  iters=3  15/17  (120.8s)

=== SUMMARY ===
  arm: D_typed_no_writer_prompt  seed: 1
  pass rate: 11/13 (84.6%)
  test recall: 194/197 (98.5%)
  avg iterations: 1.38
  crashes: 0
  wall time: 570.8s

  by difficulty:
    easy        4/4 pass  (test 100.0%, avg 1.0 iter)
    medium      3/4 pass  (test 98.4%, avg 1.5 iter)
    hard        3/3 pass  (test 100.0%, avg 1.0 iter)
    underspec   1/2 pass  (test 92.9%, avg 2.5 iter)
=== arm D seed 2 ===
[1/13] task_001 ...
    OK  iters=1  13/13  (8.0s)
[2/13] task_002 ...
    OK  iters=1  15/15  (13.1s)
[3/13] task_003 ...
    OK  iters=1  14/14  (8.0s)
[4/13] task_004 ...
    OK  iters=1  14/14  (5.3s)
[5/13] task_005 ...
    OK  iters=1  17/17  (18.6s)
[6/13] task_006 ...
    OK  iters=1  15/15  (8.7s)
[7/13] task_007 ...
    OK  iters=1  17/17  (34.0s)
[8/13] task_008 ...
    OK  iters=1  14/14  (6.8s)
[9/13] task_009 ...
    OK  iters=1  16/16  (17.6s)
[10/13] task_010 ...
    OK  iters=1  20/20  (31.2s)
[11/13] task_011 ...
    OK  iters=1  14/14  (15.1s)
[12/13] task_012 ...
    FAIL  iters=3  10/11  (153.7s)
[13/13] task_013 ...
    FAIL  iters=3  16/17  (106.9s)

=== SUMMARY ===
  arm: D_typed_no_writer_prompt  seed: 2
  pass rate: 11/13 (84.6%)
  test recall: 195/197 (99.0%)
  avg iterations: 1.31
  crashes: 0
  wall time: 427.0s

  by difficulty:
    easy        4/4 pass  (test 100.0%, avg 1.0 iter)
    medium      4/4 pass  (test 100.0%, avg 1.0 iter)
    hard        3/3 pass  (test 100.0%, avg 1.0 iter)
    underspec   0/2 pass  (test 92.9%, avg 3.0 iter)
=== arm D seed 3 ===
[1/13] task_001 ...
    OK  iters=1  13/13  (7.1s)
[2/13] task_002 ...
    OK  iters=1  15/15  (10.6s)
[3/13] task_003 ...
    OK  iters=1  14/14  (8.5s)
[4/13] task_004 ...
    OK  iters=1  14/14  (6.3s)
[5/13] task_005 ...
    OK  iters=1  17/17  (17.3s)
[6/13] task_006 ...
    OK  iters=1  15/15  (10.6s)
[7/13] task_007 ...
    OK  iters=3  17/17  (238.9s)
[8/13] task_008 ...
    OK  iters=1  14/14  (7.7s)
[9/13] task_009 ...
    OK  iters=1  16/16  (14.5s)
[10/13] task_010 ...
    OK  iters=1  20/20  (31.7s)
[11/13] task_011 ...
    OK  iters=1  14/14  (16.8s)
[12/13] task_012 ...
    OK  iters=2  11/11  (152.9s)
[13/13] task_013 ...
    FAIL  iters=3  16/17  (93.8s)

=== SUMMARY ===
  arm: D_typed_no_writer_prompt  seed: 3
  pass rate: 12/13 (92.3%)
  test recall: 196/197 (99.5%)
  avg iterations: 1.38
  crashes: 0
  wall time: 616.6s

  by difficulty:
    easy        4/4 pass  (test 100.0%, avg 1.0 iter)
    medium      4/4 pass  (test 100.0%, avg 1.5 iter)
    hard        3/3 pass  (test 100.0%, avg 1.0 iter)
    underspec   1/2 pass  (test 96.4%, avg 2.5 iter)
=== arm D done ===
