=== arm E seed 1 ===
[1/13] task_001 ...
    OK  iters=1  13/13  (6.4s)
[2/13] task_002 ...
    OK  iters=1  15/15  (12.9s)
[3/13] task_003 ...
    OK  iters=1  14/14  (8.3s)
[4/13] task_004 ...
    OK  iters=1  14/14  (5.8s)
[5/13] task_005 ...
    OK  iters=1  17/17  (13.1s)
[6/13] task_006 ...
    OK  iters=1  15/15  (9.0s)
[7/13] task_007 ...
    OK  iters=2  17/17  (121.8s)
[8/13] task_008 ...
    OK  iters=1  14/14  (6.3s)
[9/13] task_009 ...
    OK  iters=1  16/16  (12.5s)
[10/13] task_010 ...
    OK  iters=1  20/20  (28.4s)
[11/13] task_011 ...
    OK  iters=1  14/14  (13.7s)
[12/13] task_012 ...
    OK  iters=2  11/11  (63.0s)
[13/13] task_013 ...
    FAIL  iters=3  13/17  (88.2s)

=== SUMMARY ===
  arm: E_typed_iter2prompt_plus_ranking  seed: 1
  pass rate: 12/13 (92.3%)
  test recall: 193/197 (98.0%)
  avg iterations: 1.31
  crashes: 0
  wall time: 389.3s

  by difficulty:
    easy        4/4 pass  (test 100.0%, avg 1.0 iter)
    medium      4/4 pass  (test 100.0%, avg 1.2 iter)
    hard        3/3 pass  (test 100.0%, avg 1.0 iter)
    underspec   1/2 pass  (test 85.7%, avg 2.5 iter)
=== arm E seed 2 ===
[1/13] task_001 ...
    OK  iters=1  13/13  (7.9s)
[2/13] task_002 ...
    OK  iters=1  15/15  (13.3s)
[3/13] task_003 ...
    OK  iters=1  14/14  (7.9s)
[4/13] task_004 ...
    OK  iters=1  14/14  (5.8s)
[5/13] task_005 ...
    OK  iters=1  17/17  (14.5s)
[6/13] task_006 ...
    OK  iters=1  15/15  (10.4s)
[7/13] task_007 ...
    FAIL  iters=3  16/17  (206.4s)
[8/13] task_008 ...
    OK  iters=1  14/14  (6.0s)
[9/13] task_009 ...
    OK  iters=1  16/16  (17.0s)
[10/13] task_010 ...
    OK  iters=1  20/20  (24.2s)
[11/13] task_011 ...
    OK  iters=1  14/14  (12.9s)
[12/13] task_012 ...
    FAIL  iters=3  9/11  (231.4s)
[13/13] task_013 ...
    OK  iters=3  17/17  (105.2s)

=== SUMMARY ===
  arm: E_typed_iter2prompt_plus_ranking  seed: 2
  pass rate: 11/13 (84.6%)
  test recall: 194/197 (98.5%)
  avg iterations: 1.46
  crashes: 0
  wall time: 663.0s

  by difficulty:
    easy        4/4 pass  (test 100.0%, avg 1.0 iter)
    medium      3/4 pass  (test 98.4%, avg 1.5 iter)
    hard        3/3 pass  (test 100.0%, avg 1.0 iter)
    underspec   1/2 pass  (test 92.9%, avg 3.0 iter)
=== arm E seed 3 ===
[1/13] task_001 ...
    OK  iters=1  13/13  (6.7s)
[2/13] task_002 ...
    OK  iters=1  15/15  (11.4s)
[3/13] task_003 ...
    OK  iters=1  14/14  (8.6s)
[4/13] task_004 ...
    OK  iters=1  14/14  (6.3s)
[5/13] task_005 ...
    OK  iters=1  17/17  (14.6s)
[6/13] task_006 ...
    OK  iters=1  15/15  (9.7s)
[7/13] task_007 ...
    FAIL  iters=3  16/17  (231.9s)
[8/13] task_008 ...
    OK  iters=1  14/14  (7.7s)
[9/13] task_009 ...
    OK  iters=1  16/16  (17.4s)
[10/13] task_010 ...
    OK  iters=1  20/20  (22.8s)
[11/13] task_011 ...
    OK  iters=1  14/14  (13.8s)
[12/13] task_012 ...
    OK  iters=1  11/11  (11.2s)
[13/13] task_013 ...
    FAIL  iters=3  13/17  (108.9s)

=== SUMMARY ===
  arm: E_typed_iter2prompt_plus_ranking  seed: 3
  pass rate: 11/13 (84.6%)
  test recall: 192/197 (97.5%)
  avg iterations: 1.31
  crashes: 0
  wall time: 470.9s

  by difficulty:
    easy        4/4 pass  (test 100.0%, avg 1.0 iter)
    medium      3/4 pass  (test 98.4%, avg 1.5 iter)
    hard        3/3 pass  (test 100.0%, avg 1.0 iter)
    underspec   1/2 pass  (test 85.7%, avg 2.0 iter)
=== arm E done ===
